[2023-12-19T09:30:05.795+0000][21667.043s][trace][gc] GC(977) Young invoke=978 size=32
[2023-12-19T09:30:05.795+0000][21667.043s][trace][gc] GC(977) Tenured: promo attempt is safe: available(285183432) >= av_promo(15869), max_promo(143885072)
[2023-12-19T09:30:05.803+0000][21667.051s][info ][gc] GC(977) Pause Young (Allocation Failure) 206M->71M(494M) 7.956ms
[2023-12-19T09:30:27.913+0000][21689.161s][trace][gc] GC(978) Young invoke=979 size=48
[2023-12-19T09:30:27.913+0000][21689.161s][trace][gc] GC(978) Tenured: promo attempt is safe: available(285180440) >= av_promo(15103), max_promo(145509096)
[2023-12-19T09:30:27.920+0000][21689.168s][info ][gc] GC(978) Pause Young (Allocation Failure) 208M->71M(494M) 6.439ms
[2023-12-19T09:30:51.905+0000][21713.153s][trace][gc] GC(979) Young invoke=980 size=64
[2023-12-19T09:30:51.905+0000][21713.153s][trace][gc] GC(979) Tenured: promo attempt is safe: available(285177880) >= av_promo(14434), max_promo(145685904)
[2023-12-19T09:30:51.911+0000][21713.159s][info ][gc] GC(979) Pause Young (Allocation Failure) 208M->71M(494M) 6.597ms
[2023-12-19T09:31:16.931+0000][21738.179s][trace][gc] GC(980) Young invoke=981 size=392
[2023-12-19T09:31:16.931+0000][21738.179s][trace][gc] GC(980) Tenured: promo attempt is safe: available(285169616) >= av_promo(14830), max_promo(145643112)
[2023-12-19T09:31:16.937+0000][21738.185s][info ][gc] GC(980) Pause Young (Allocation Failure) 208M->71M(494M) 6.402ms
[2023-12-19T09:31:32.879+0000][21754.127s][trace][gc] GC(981) Young invoke=982 size=40
[2023-12-19T09:31:32.879+0000][21754.127s][trace][gc] GC(981) Tenured: promo attempt is safe: available(285166560) >= av_promo(14147), max_promo(145464408)
[2023-12-19T09:31:32.886+0000][21754.134s][info ][gc] GC(981) Pause Young (Allocation Failure) 208M->74M(494M) 7.648ms
[2023-12-19T09:31:35.543+0000][21756.790s][trace][gc] GC(982) Young invoke=983 size=120
[2023-12-19T09:31:35.543+0000][21756.791s][trace][gc] GC(982) Tenured: promo attempt is safe: available(285163592) >= av_promo(13498), max_promo(148801528)
[2023-12-19T09:31:35.549+0000][21756.797s][info ][gc] GC(982) Pause Young (Allocation Failure) 211M->72M(494M) 6.645ms
[2023-12-19T09:31:37.120+0000][21758.368s][trace][gc] GC(983) Young invoke=984 size=104
[2023-12-19T09:31:37.120+0000][21758.368s][trace][gc] GC(983) Tenured: promo attempt is safe: available(285160832) >= av_promo(12903), max_promo(146186656)
[2023-12-19T09:31:37.135+0000][21758.383s][info ][gc] GC(983) Pause Young (Allocation Failure) 208M->77M(494M) 14.682ms
[2023-12-19T09:31:38.783+0000][21760.031s][trace][gc] GC(984) Young invoke=985 size=136
[2023-12-19T09:31:38.783+0000][21760.031s][trace][gc] GC(984) Tenured: promo attempt is safe: available(285157768) >= av_promo(12267), max_promo(152060560)
[2023-12-19T09:31:38.801+0000][21760.049s][info ][gc] GC(984) Pause Young (Allocation Failure) 214M->76M(494M) 18.121ms
[2023-12-19T09:31:39.928+0000][21761.176s][trace][gc] GC(985) Young invoke=986 size=24
[2023-12-19T09:31:39.928+0000][21761.176s][trace][gc] GC(985) Tenured: promo attempt is safe: available(285135280) >= av_promo(18220), max_promo(150573256)
[2023-12-19T09:31:39.973+0000][21761.221s][info ][gc] GC(985) Pause Young (Allocation Failure) 213M->83M(494M) 45.194ms
[2023-12-19T09:31:40.991+0000][21762.239s][trace][gc] GC(986) Young invoke=987 size=80
[2023-12-19T09:31:40.991+0000][21762.239s][trace][gc] GC(986) Tenured: promo attempt is safe: available(285132544) >= av_promo(17567), max_promo(157897832)
[2023-12-19T09:31:41.012+0000][21762.260s][info ][gc] GC(986) Pause Young (Allocation Failure) 220M->82M(494M) 20.805ms
[2023-12-19T09:31:42.062+0000][21763.309s][trace][gc] GC(987) Young invoke=988 size=64
[2023-12-19T09:31:42.062+0000][21763.310s][trace][gc] GC(987) Tenured: promo attempt is safe: available(283022880) >= av_promo(794841), max_promo(154285592)
[2023-12-19T09:31:42.092+0000][21763.340s][info ][gc] GC(987) Pause Young (Allocation Failure) 218M->84M(494M) 30.308ms
[2023-12-19T09:31:43.286+0000][21764.534s][trace][gc] GC(988) Young invoke=989 size=40
[2023-12-19T09:31:43.286+0000][21764.534s][trace][gc] GC(988) Tenured: promo attempt is safe: available(282843432) >= av_promo(743202), max_promo(157063272)
[2023-12-19T09:31:43.290+0000][21764.538s][info ][gc] GC(988) Pause Young (Allocation Failure) 221M->72M(494M) 3.885ms
[2023-12-19T09:31:45.089+0000][21766.337s][trace][gc] GC(989) Young invoke=990 size=32
[2023-12-19T09:31:45.089+0000][21766.337s][trace][gc] GC(989) Tenured: promo attempt is safe: available(282742128) >= av_promo(709021), max_promo(144015016)
[2023-12-19T09:31:45.098+0000][21766.345s][info ][gc] GC(989) Pause Young (Allocation Failure) 209M->76M(494M) 8.672ms
[2023-12-19T09:31:46.519+0000][21767.767s][trace][gc] GC(990) Young invoke=991 size=2541496
[2023-12-19T09:31:46.519+0000][21767.767s][trace][gc] GC(990) Tenured: promo attempt is safe: available(282742128) >= av_promo(688887), max_promo(146493944)
[2023-12-19T09:31:46.526+0000][21767.774s][info ][gc] GC(990) Pause Young (Allocation Failure) 211M->72M(494M) 6.936ms
[2023-12-19T09:31:47.711+0000][21768.959s][trace][gc] GC(991) Young invoke=992 size=32
[2023-12-19T09:31:47.711+0000][21768.959s][trace][gc] GC(991) Tenured: promo attempt is safe: available(282742128) >= av_promo(670767), max_promo(144179200)
[2023-12-19T09:31:47.717+0000][21768.965s][info ][gc] GC(991) Pause Young (Allocation Failure) 209M->73M(494M) 6.530ms
[2023-12-19T09:31:49.113+0000][21770.361s][trace][gc] GC(992) Young invoke=993 size=104
[2023-12-19T09:31:49.113+0000][21770.361s][trace][gc] GC(992) Tenured: promo attempt is safe: available(282742128) >= av_promo(654459), max_promo(145203096)
[2023-12-19T09:31:49.122+0000][21770.370s][info ][gc] GC(992) Pause Young (Allocation Failure) 210M->75M(494M) 9.693ms
[2023-12-19T09:31:50.460+0000][21771.708s][trace][gc] GC(993) Young invoke=994 size=24
[2023-12-19T09:31:50.460+0000][21771.708s][trace][gc] GC(993) Tenured: promo attempt is safe: available(282742128) >= av_promo(639782), max_promo(146595360)
[2023-12-19T09:31:50.468+0000][21771.716s][info ][gc] GC(993) Pause Young (Allocation Failure) 211M->73M(494M) 7.689ms
[2023-12-19T09:31:51.834+0000][21773.081s][trace][gc] GC(994) Young invoke=995 size=24
[2023-12-19T09:31:51.834+0000][21773.082s][trace][gc] GC(994) Tenured: promo attempt is safe: available(282742128) >= av_promo(626573), max_promo(145388704)
[2023-12-19T09:31:51.852+0000][21773.100s][info ][gc] GC(994) Pause Young (Allocation Failure) 210M->78M(494M) 18.549ms
[2023-12-19T09:31:52.970+0000][21774.218s][trace][gc] GC(995) Young invoke=996 size=400
[2023-12-19T09:31:52.970+0000][21774.218s][trace][gc] GC(995) Tenured: promo attempt is safe: available(282742128) >= av_promo(614684), max_promo(149962224)
[2023-12-19T09:31:52.982+0000][21774.230s][info ][gc] GC(995) Pause Young (Allocation Failure) 214M->75M(494M) 12.271ms
[2023-12-19T09:31:55.847+0000][21777.095s][trace][gc] GC(996) Young invoke=997 size=3245840
[2023-12-19T09:31:55.848+0000][21777.095s][trace][gc] GC(996) Tenured: promo attempt is safe: available(282742128) >= av_promo(603985), max_promo(144421328)
[2023-12-19T09:31:55.852+0000][21777.099s][info ][gc] GC(996) Pause Young (Allocation Failure) 209M->72M(494M) 4.141ms
[2023-12-19T09:32:12.068+0000][21793.316s][trace][gc] GC(997) Young invoke=998 size=64
[2023-12-19T09:32:12.068+0000][21793.316s][trace][gc] GC(997) Tenured: promo attempt is safe: available(282742128) >= av_promo(594355), max_promo(143758096)
[2023-12-19T09:32:12.072+0000][21793.320s][info ][gc] GC(997) Pause Young (Allocation Failure) 208M->72M(494M) 4.370ms
[2023-12-19T09:32:36.177+0000][21817.425s][trace][gc] GC(998) Young invoke=999 size=24
[2023-12-19T09:32:36.177+0000][21817.425s][trace][gc] GC(998) Tenured: promo attempt is safe: available(282742128) >= av_promo(585688), max_promo(143751384)
[2023-12-19T09:32:36.182+0000][21817.430s][info ][gc] GC(998) Pause Young (Allocation Failure) 208M->72M(494M) 5.493ms
[2023-12-19T09:33:00.999+0000][21842.246s][trace][gc] GC(999) Young invoke=1000 size=176
[2023-12-19T09:33:00.999+0000][21842.247s][trace][gc] GC(999) Tenured: promo attempt is safe: available(282742128) >= av_promo(577888), max_promo(143989304)
[2023-12-19T09:33:01.004+0000][21842.252s][info ][gc] GC(999) Pause Young (Allocation Failure) 209M->72M(494M) 5.387ms
[2023-12-19T09:33:25.542+0000][21866.790s][trace][gc] GC(1000) Young invoke=1001 size=24
[2023-12-19T09:33:25.542+0000][21866.790s][trace][gc] GC(1000) Tenured: promo attempt is safe: available(282742128) >= av_promo(570868), max_promo(143637480)
[2023-12-19T09:33:25.548+0000][21866.796s][info ][gc] GC(1000) Pause Young (Allocation Failure) 208M->72M(494M) 6.642ms
[2023-12-19T09:33:50.255+0000][21891.503s][trace][gc] GC(1001) Young invoke=1002 size=225296
[2023-12-19T09:33:50.255+0000][21891.503s][trace][gc] GC(1001) Tenured: promo attempt is safe: available(282742128) >= av_promo(564550), max_promo(143613968)
[2023-12-19T09:33:50.260+0000][21891.508s][info ][gc] GC(1001) Pause Young (Allocation Failure) 208M->72M(494M) 5.343ms
[2023-12-19T09:34:15.404+0000][21916.651s][trace][gc] GC(1002) Young invoke=1003 size=32
[2023-12-19T09:34:15.404+0000][21916.652s][trace][gc] GC(1002) Tenured: promo attempt is safe: available(282742128) >= av_promo(558864), max_promo(143940536)
[2023-12-19T09:34:15.410+0000][21916.657s][info ][gc] GC(1002) Pause Young (Allocation Failure) 209M->72M(494M) 6.102ms
[2023-12-19T09:34:40.370+0000][21941.618s][trace][gc] GC(1003) Young invoke=1004 size=64
[2023-12-19T09:34:40.370+0000][21941.618s][trace][gc] GC(1003) Tenured: promo attempt is safe: available(282742128) >= av_promo(553746), max_promo(143679776)
[2023-12-19T09:34:40.375+0000][21941.623s][info ][gc] GC(1003) Pause Young (Allocation Failure) 208M->72M(494M) 5.741ms
[2023-12-19T09:35:04.869+0000][21966.117s][trace][gc] GC(1004) Young invoke=1005 size=24
[2023-12-19T09:35:04.869+0000][21966.117s][trace][gc] GC(1004) Tenured: promo attempt is safe: available(282619704) >= av_promo(531233), max_promo(143610096)
[2023-12-19T09:35:04.874+0000][21966.122s][info ][gc] GC(1004) Pause Young (Allocation Failure) 208M->72M(494M) 4.910ms
[2023-12-19T09:35:30.206+0000][21991.454s][trace][gc] GC(1005) Young invoke=1006 size=24
[2023-12-19T09:35:30.206+0000][21991.454s][trace][gc] GC(1005) Tenured: promo attempt is safe: available(282497296) >= av_promo(508903), max_promo(143296704)
[2023-12-19T09:35:30.211+0000][21991.459s][info ][gc] GC(1005) Pause Young (Allocation Failure) 208M->72M(494M) 5.333ms
[2023-12-19T09:35:54.476+0000][22015.724s][trace][gc] GC(1006) Young invoke=1007 size=88
[2023-12-19T09:35:54.476+0000][22015.724s][trace][gc] GC(1006) Tenured: promo attempt is safe: available(282495160) >= av_promo(474002), max_promo(143546056)
[2023-12-19T09:35:54.479+0000][22015.727s][info ][gc] GC(1006) Pause Young (Allocation Failure) 208M->72M(494M) 3.163ms
[2023-12-19T09:36:18.875+0000][22040.123s][trace][gc] GC(1007) Young invoke=1008 size=24
[2023-12-19T09:36:18.875+0000][22040.123s][trace][gc] GC(1007) Tenured: promo attempt is safe: available(282494504) >= av_promo(441266), max_promo(143529456)
[2023-12-19T09:36:18.878+0000][22040.125s][info ][gc] GC(1007) Pause Young (Allocation Failure) 208M->72M(494M) 2.529ms
[2023-12-19T09:36:43.607+0000][22064.855s][trace][gc] GC(1008) Young invoke=1009 size=56
[2023-12-19T09:36:43.607+0000][22064.855s][trace][gc] GC(1008) Tenured: promo attempt is safe: available(282493456) >= av_promo(410276), max_promo(143379072)
[2023-12-19T09:36:43.612+0000][22064.860s][info ][gc] GC(1008) Pause Young (Allocation Failure) 208M->72M(494M) 5.230ms
[2023-12-19T09:37:08.681+0000][22089.929s][trace][gc] GC(1009) Young invoke=1010 size=200
[2023-12-19T09:37:08.681+0000][22089.929s][trace][gc] GC(1009) Tenured: promo attempt is safe: available(282492288) >= av_promo(381062), max_promo(143391136)
[2023-12-19T09:37:08.684+0000][22089.932s][info ][gc] GC(1009) Pause Young (Allocation Failure) 208M->72M(494M) 3.034ms
[2023-12-19T09:37:32.982+0000][22114.230s][trace][gc] GC(1010) Young invoke=1011 size=24
[2023-12-19T09:37:32.982+0000][22114.230s][trace][gc] GC(1010) Tenured: promo attempt is safe: available(282491712) >= av_promo(353701), max_promo(143699248)
[2023-12-19T09:37:32.986+0000][22114.234s][info ][gc] GC(1010) Pause Young (Allocation Failure) 209M->72M(494M) 3.732ms
[2023-12-19T09:37:57.651+0000][22138.899s][trace][gc] GC(1011) Young invoke=1012 size=24
[2023-12-19T09:37:57.651+0000][22138.899s][trace][gc] GC(1011) Tenured: promo attempt is safe: available(282490960) >= av_promo(327977), max_promo(143352336)
[2023-12-19T09:37:57.656+0000][22138.904s][info ][gc] GC(1011) Pause Young (Allocation Failure) 208M->72M(494M) 5.835ms
[2023-12-19T09:38:23.016+0000][22164.264s][trace][gc] GC(1012) Young invoke=1013 size=24
[2023-12-19T09:38:23.016+0000][22164.264s][trace][gc] GC(1012) Tenured: promo attempt is safe: available(282489712) >= av_promo(303783), max_promo(143461816)
[2023-12-19T09:38:23.018+0000][22164.266s][info ][gc] GC(1012) Pause Young (Allocation Failure) 208M->72M(494M) 2.509ms
[2023-12-19T09:38:47.805+0000][22189.053s][trace][gc] GC(1013) Young invoke=1014 size=176
[2023-12-19T09:38:47.805+0000][22189.053s][trace][gc] GC(1013) Tenured: promo attempt is safe: available(282487896) >= av_promo(281065), max_promo(143317328)
[2023-12-19T09:38:47.810+0000][22189.058s][info ][gc] GC(1013) Pause Young (Allocation Failure) 208M->72M(494M) 5.703ms
[2023-12-19T09:39:12.552+0000][22213.799s][trace][gc] GC(1014) Young invoke=1015 size=48
[2023-12-19T09:39:12.552+0000][22213.800s][trace][gc] GC(1014) Tenured: promo attempt is safe: available(282482936) >= av_promo(259336), max_promo(143445960)
[2023-12-19T09:39:12.556+0000][22213.804s][info ][gc] GC(1014) Pause Young (Allocation Failure) 208M->72M(494M) 4.549ms
[2023-12-19T09:39:37.181+0000][22238.429s][trace][gc] GC(1015) Young invoke=1016 size=168
[2023-12-19T09:39:37.181+0000][22238.429s][trace][gc] GC(1015) Tenured: promo attempt is safe: available(282479344) >= av_promo(239425), max_promo(143464712)
[2023-12-19T09:39:37.184+0000][22238.432s][info ][gc] GC(1015) Pause Young (Allocation Failure) 208M->72M(494M) 3.218ms
[2023-12-19T09:40:01.671+0000][22262.919s][trace][gc] GC(1016) Young invoke=1017 size=168
[2023-12-19T09:40:01.671+0000][22262.919s][trace][gc] GC(1016) Tenured: promo attempt is safe: available(282473064) >= av_promo(220481), max_promo(143331704)
[2023-12-19T09:40:01.676+0000][22262.924s][info ][gc] GC(1016) Pause Young (Allocation Failure) 208M->72M(494M) 4.841ms
[2023-12-19T09:40:27.089+0000][22288.337s][trace][gc] GC(1017) Young invoke=1018 size=58896
[2023-12-19T09:40:27.089+0000][22288.337s][trace][gc] GC(1017) Tenured: promo attempt is safe: available(282461856) >= av_promo(202157), max_promo(143322328)
[2023-12-19T09:40:27.098+0000][22288.346s][info ][gc] GC(1017) Pause Young (Allocation Failure) 208M->72M(494M) 9.182ms
[2023-12-19T09:40:51.143+0000][22312.391s][trace][gc] GC(1018) Young invoke=1019 size=184
[2023-12-19T09:40:51.143+0000][22312.391s][trace][gc] GC(1018) Tenured: promo attempt is safe: available(282459416) >= av_promo(186895), max_promo(143491808)
[2023-12-19T09:40:51.148+0000][22312.396s][info ][gc] GC(1018) Pause Young (Allocation Failure) 208M->72M(494M) 5.308ms
[2023-12-19T09:41:15.269+0000][22336.517s][trace][gc] GC(1019) Young invoke=1020 size=24
[2023-12-19T09:41:15.269+0000][22336.517s][trace][gc] GC(1019) Tenured: promo attempt is safe: available(282454024) >= av_promo(172187), max_promo(143693592)
[2023-12-19T09:41:15.272+0000][22336.520s][info ][gc] GC(1019) Pause Young (Allocation Failure) 209M->72M(494M) 2.436ms
[2023-12-19T09:41:39.307+0000][22360.555s][trace][gc] GC(1020) Young invoke=1021 size=24
[2023-12-19T09:41:39.307+0000][22360.555s][trace][gc] GC(1020) Tenured: promo attempt is safe: available(282450752) >= av_promo(158966), max_promo(143270032)
[2023-12-19T09:41:39.310+0000][22360.557s][info ][gc] GC(1020) Pause Young (Allocation Failure) 208M->72M(494M) 2.939ms
[2023-12-19T09:42:03.750+0000][22384.998s][trace][gc] GC(1021) Young invoke=1022 size=24
[2023-12-19T09:42:03.750+0000][22384.998s][trace][gc] GC(1021) Tenured: promo attempt is safe: available(282441744) >= av_promo(145725), max_promo(143313072)
[2023-12-19T09:42:03.755+0000][22385.003s][info ][gc] GC(1021) Pause Young (Allocation Failure) 208M->72M(494M) 4.831ms
[2023-12-19T09:42:28.731+0000][22409.979s][trace][gc] GC(1022) Young invoke=1023 size=120
[2023-12-19T09:42:28.731+0000][22409.979s][trace][gc] GC(1022) Tenured: promo attempt is safe: available(282438424) >= av_promo(134599), max_promo(143334344)
[2023-12-19T09:42:28.736+0000][22409.984s][info ][gc] GC(1022) Pause Young (Allocation Failure) 208M->72M(494M) 5.137ms
[2023-12-19T09:42:53.216+0000][22434.464s][trace][gc] GC(1023) Young invoke=1024 size=32
[2023-12-19T09:42:53.216+0000][22434.464s][trace][gc] GC(1023) Tenured: promo attempt is safe: available(282430736) >= av_promo(123532), max_promo(143506528)
[2023-12-19T09:42:53.220+0000][22434.468s][info ][gc] GC(1023) Pause Young (Allocation Failure) 208M->72M(494M) 4.891ms
[2023-12-19T09:43:18.395+0000][22459.642s][trace][gc] GC(1024) Young invoke=1025 size=120
[2023-12-19T09:43:18.395+0000][22459.643s][trace][gc] GC(1024) Tenured: promo attempt is safe: available(282406144) >= av_promo(116740), max_promo(143459320)
[2023-12-19T09:43:18.397+0000][22459.645s][info ][gc] GC(1024) Pause Young (Allocation Failure) 208M->72M(494M) 2.600ms
[2023-12-19T09:43:42.717+0000][22483.965s][trace][gc] GC(1025) Young invoke=1026 size=56
[2023-12-19T09:43:42.717+0000][22483.965s][trace][gc] GC(1025) Tenured: promo attempt is safe: available(282403176) >= av_promo(108409), max_promo(143364896)
[2023-12-19T09:43:42.722+0000][22483.970s][info ][gc] GC(1025) Pause Young (Allocation Failure) 208M->72M(494M) 5.185ms
[2023-12-19T09:44:07.177+0000][22508.425s][trace][gc] GC(1026) Young invoke=1027 size=120
[2023-12-19T09:44:07.177+0000][22508.425s][trace][gc] GC(1026) Tenured: promo attempt is safe: available(282400392) >= av_promo(100638), max_promo(143393496)
[2023-12-19T09:44:07.182+0000][22508.429s][info ][gc] GC(1026) Pause Young (Allocation Failure) 208M->72M(494M) 4.988ms
[2023-12-19T09:44:31.640+0000][22532.888s][trace][gc] GC(1027) Young invoke=1028 size=194576
[2023-12-19T09:44:31.640+0000][22532.888s][trace][gc] GC(1027) Tenured: promo attempt is safe: available(282391656) >= av_promo(92353), max_promo(143309872)
[2023-12-19T09:44:31.646+0000][22532.893s][info ][gc] GC(1027) Pause Young (Allocation Failure) 208M->72M(494M) 5.579ms
[2023-12-19T09:44:56.330+0000][22557.578s][trace][gc] GC(1028) Young invoke=1029 size=120
[2023-12-19T09:44:56.330+0000][22557.578s][trace][gc] GC(1028) Tenured: promo attempt is safe: available(282389184) >= av_promo(85871), max_promo(143622280)
[2023-12-19T09:44:56.336+0000][22557.583s][info ][gc] GC(1028) Pause Young (Allocation Failure) 209M->72M(494M) 5.455ms
[2023-12-19T09:45:21.291+0000][22582.539s][trace][gc] GC(1029) Young invoke=1030 size=1040
[2023-12-19T09:45:21.291+0000][22582.539s][trace][gc] GC(1029) Tenured: promo attempt is safe: available(282386088) >= av_promo(79680), max_promo(143332272)
[2023-12-19T09:45:21.297+0000][22582.544s][info ][gc] GC(1029) Pause Young (Allocation Failure) 208M->72M(494M) 6.028ms
[2023-12-19T09:45:45.800+0000][22607.047s][trace][gc] GC(1030) Young invoke=1031 size=200
[2023-12-19T09:45:45.800+0000][22607.048s][trace][gc] GC(1030) Tenured: promo attempt is safe: available(282383096) >= av_promo(73918), max_promo(143478584)
[2023-12-19T09:45:45.805+0000][22607.053s][info ][gc] GC(1030) Pause Young (Allocation Failure) 208M->72M(494M) 5.714ms
[2023-12-19T09:46:10.138+0000][22631.385s][trace][gc] GC(1031) Young invoke=1032 size=8216
[2023-12-19T09:46:10.138+0000][22631.386s][trace][gc] GC(1031) Tenured: promo attempt is safe: available(282380288) >= av_promo(68572), max_promo(143863912)
[2023-12-19T09:46:10.142+0000][22631.390s][info ][gc] GC(1031) Pause Young (Allocation Failure) 209M->72M(494M) 4.258ms
[2023-12-19T09:46:35.260+0000][22656.508s][trace][gc] GC(1032) Young invoke=1033 size=24
[2023-12-19T09:46:35.261+0000][22656.508s][trace][gc] GC(1032) Tenured: promo attempt is safe: available(282377192) >= av_promo(63535), max_promo(143288304)
[2023-12-19T09:46:35.265+0000][22656.513s][info ][gc] GC(1032) Pause Young (Allocation Failure) 208M->72M(494M) 4.892ms
[2023-12-19T09:46:59.492+0000][22680.740s][trace][gc] GC(1033) Young invoke=1034 size=24
[2023-12-19T09:46:59.492+0000][22680.740s][trace][gc] GC(1033) Tenured: promo attempt is safe: available(282374192) >= av_promo(58868), max_promo(143496432)
[2023-12-19T09:46:59.497+0000][22680.745s][info ][gc] GC(1033) Pause Young (Allocation Failure) 208M->72M(494M) 5.301ms
[2023-12-19T09:47:23.999+0000][22705.247s][trace][gc] GC(1034) Young invoke=1035 size=32
[2023-12-19T09:47:23.999+0000][22705.247s][trace][gc] GC(1034) Tenured: promo attempt is safe: available(282371304) >= av_promo(54547), max_promo(143461272)
[2023-12-19T09:47:24.002+0000][22705.250s][info ][gc] GC(1034) Pause Young (Allocation Failure) 208M->72M(494M) 3.186ms
[2023-12-19T09:47:49.089+0000][22730.337s][trace][gc] GC(1035) Young invoke=1036 size=48
[2023-12-19T09:47:49.089+0000][22730.337s][trace][gc] GC(1035) Tenured: promo attempt is safe: available(282367216) >= av_promo(50327), max_promo(143765720)
[2023-12-19T09:47:49.093+0000][22730.341s][info ][gc] GC(1035) Pause Young (Allocation Failure) 209M->72M(494M) 4.901ms
[2023-12-19T09:48:13.831+0000][22755.079s][trace][gc] GC(1036) Young invoke=1037 size=168
[2023-12-19T09:48:13.831+0000][22755.079s][trace][gc] GC(1036) Tenured: promo attempt is safe: available(282363824) >= av_promo(46564), max_promo(143456456)
[2023-12-19T09:48:13.835+0000][22755.083s][info ][gc] GC(1036) Pause Young (Allocation Failure) 208M->72M(494M) 4.417ms
[2023-12-19T09:48:37.999+0000][22779.247s][trace][gc] GC(1037) Young invoke=1038 size=24
[2023-12-19T09:48:37.999+0000][22779.247s][trace][gc] GC(1037) Tenured: promo attempt is safe: available(282360720) >= av_promo(43134), max_promo(143418968)
[2023-12-19T09:48:38.004+0000][22779.252s][info ][gc] GC(1037) Pause Young (Allocation Failure) 208M->72M(494M) 5.353ms
[2023-12-19T09:49:02.212+0000][22803.460s][trace][gc] GC(1038) Young invoke=1039 size=195216
[2023-12-19T09:49:02.212+0000][22803.460s][trace][gc] GC(1038) Tenured: promo attempt is safe: available(282358016) >= av_promo(40023), max_promo(143509888)
[2023-12-19T09:49:02.217+0000][22803.465s][info ][gc] GC(1038) Pause Young (Allocation Failure) 208M->72M(494M) 5.262ms
[2023-12-19T09:49:28.261+0000][22829.509s][trace][gc] GC(1039) Young invoke=1040 size=32
[2023-12-19T09:49:28.262+0000][22829.509s][trace][gc] GC(1039) Tenured: promo attempt is safe: available(282353952) >= av_promo(36899), max_promo(143787864)
[2023-12-19T09:49:28.265+0000][22829.513s][info ][gc] GC(1039) Pause Young (Allocation Failure) 209M->72M(494M) 3.379ms
[2023-12-19T09:49:52.913+0000][22854.161s][trace][gc] GC(1040) Young invoke=1041 size=200
[2023-12-19T09:49:52.913+0000][22854.161s][trace][gc] GC(1040) Tenured: promo attempt is safe: available(282351048) >= av_promo(34237), max_promo(143468928)
[2023-12-19T09:49:52.918+0000][22854.166s][info ][gc] GC(1040) Pause Young (Allocation Failure) 208M->72M(494M) 5.370ms
[2023-12-19T09:50:18.373+0000][22879.621s][trace][gc] GC(1041) Young invoke=1042 size=24
[2023-12-19T09:50:18.373+0000][22879.621s][trace][gc] GC(1041) Tenured: promo attempt is safe: available(282348296) >= av_promo(31794), max_promo(143345816)
[2023-12-19T09:50:18.376+0000][22879.624s][info ][gc] GC(1041) Pause Young (Allocation Failure) 208M->72M(494M) 2.560ms
[2023-12-19T09:50:43.448+0000][22904.696s][trace][gc] GC(1042) Young invoke=1043 size=48
[2023-12-19T09:50:43.448+0000][22904.696s][trace][gc] GC(1042) Tenured: promo attempt is safe: available(282345216) >= av_promo(29468), max_promo(143480008)
[2023-12-19T09:50:43.452+0000][22904.700s][info ][gc] GC(1042) Pause Young (Allocation Failure) 208M->72M(494M) 4.314ms
[2023-12-19T09:51:08.465+0000][22929.713s][trace][gc] GC(1043) Young invoke=1044 size=32
[2023-12-19T09:51:08.465+0000][22929.713s][trace][gc] GC(1043) Tenured: promo attempt is safe: available(282342464) >= av_promo(27376), max_promo(143433256)
[2023-12-19T09:51:08.468+0000][22929.716s][info ][gc] GC(1043) Pause Young (Allocation Failure) 208M->72M(494M) 2.720ms
[2023-12-19T09:51:32.526+0000][22953.774s][trace][gc] GC(1044) Young invoke=1045 size=168
[2023-12-19T09:51:32.526+0000][22953.774s][trace][gc] GC(1044) Tenured: promo attempt is safe: available(282337624) >= av_promo(25165), max_promo(143468528)
[2023-12-19T09:51:32.531+0000][22953.779s][info ][gc] GC(1044) Pause Young (Allocation Failure) 208M->72M(494M) 5.343ms
[2023-12-19T09:51:57.601+0000][22978.849s][trace][gc] GC(1045) Young invoke=1046 size=24
[2023-12-19T09:51:57.601+0000][22978.849s][trace][gc] GC(1045) Tenured: promo attempt is safe: available(282333224) >= av_promo(23169), max_promo(143851432)
[2023-12-19T09:51:57.606+0000][22978.854s][info ][gc] GC(1045) Pause Young (Allocation Failure) 209M->72M(494M) 5.229ms
[2023-12-19T09:52:23.030+0000][23004.278s][trace][gc] GC(1046) Young invoke=1047 size=168
[2023-12-19T09:52:23.030+0000][23004.278s][trace][gc] GC(1046) Tenured: promo attempt is safe: available(282330464) >= av_promo(21644), max_promo(143459544)
[2023-12-19T09:52:23.035+0000][23004.283s][info ][gc] GC(1046) Pause Young (Allocation Failure) 208M->72M(494M) 4.744ms
[2023-12-19T09:52:48.712+0000][23029.960s][trace][gc] GC(1047) Young invoke=1048 size=80
[2023-12-19T09:52:48.712+0000][23029.960s][trace][gc] GC(1047) Tenured: promo attempt is safe: available(282322016) >= av_promo(21396), max_promo(143353424)
[2023-12-19T09:52:48.718+0000][23029.965s][info ][gc] GC(1047) Pause Young (Allocation Failure) 208M->72M(494M) 5.490ms
[2023-12-19T09:53:13.159+0000][23054.407s][trace][gc] GC(1048) Young invoke=1049 size=24
[2023-12-19T09:53:13.160+0000][23054.407s][trace][gc] GC(1048) Tenured: promo attempt is safe: available(282299728) >= av_promo(26186), max_promo(143506208)
[2023-12-19T09:53:13.162+0000][23054.410s][info ][gc] GC(1048) Pause Young (Allocation Failure) 209M->72M(494M) 2.479ms
[2023-12-19T09:53:38.261+0000][23079.509s][trace][gc] GC(1049) Young invoke=1050 size=40
[2023-12-19T09:53:38.261+0000][23079.509s][trace][gc] GC(1049) Tenured: promo attempt is safe: available(282296720) >= av_promo(24843), max_promo(143373616)
[2023-12-19T09:53:38.266+0000][23079.514s][info ][gc] GC(1049) Pause Young (Allocation Failure) 208M->72M(494M) 5.878ms
[2023-12-19T09:54:02.826+0000][23104.074s][trace][gc] GC(1050) Young invoke=1051 size=2128
[2023-12-19T09:54:02.826+0000][23104.074s][trace][gc] GC(1050) Tenured: promo attempt is safe: available(282294104) >= av_promo(23603), max_promo(143547600)
[2023-12-19T09:54:02.831+0000][23104.079s][info ][gc] GC(1050) Pause Young (Allocation Failure) 209M->72M(494M) 5.272ms
[2023-12-19T09:54:27.880+0000][23129.128s][trace][gc] GC(1051) Young invoke=1052 size=64
[2023-12-19T09:54:27.880+0000][23129.128s][trace][gc] GC(1051) Tenured: promo attempt is safe: available(282290992) >= av_promo(22305), max_promo(143418024)
[2023-12-19T09:54:27.883+0000][23129.131s][info ][gc] GC(1051) Pause Young (Allocation Failure) 208M->72M(494M) 3.017ms
[2023-12-19T09:54:52.290+0000][23153.538s][trace][gc] GC(1052) Young invoke=1053 size=13088
[2023-12-19T09:54:52.291+0000][23153.538s][trace][gc] GC(1052) Tenured: promo attempt is safe: available(282287872) >= av_promo(21060), max_promo(143391160)
[2023-12-19T09:54:52.295+0000][23153.543s][info ][gc] GC(1052) Pause Young (Allocation Failure) 208M->72M(494M) 5.127ms
[2023-12-19T09:55:17.308+0000][23178.556s][trace][gc] GC(1053) Young invoke=1054 size=168
[2023-12-19T09:55:17.308+0000][23178.556s][trace][gc] GC(1053) Tenured: promo attempt is safe: available(282284856) >= av_promo(19890), max_promo(143385648)
[2023-12-19T09:55:17.311+0000][23178.559s][info ][gc] GC(1053) Pause Young (Allocation Failure) 208M->72M(494M) 2.864ms
[2023-12-19T09:55:41.748+0000][23202.995s][trace][gc] GC(1054) Young invoke=1055 size=24
[2023-12-19T09:55:41.748+0000][23202.996s][trace][gc] GC(1054) Tenured: promo attempt is safe: available(282281896) >= av_promo(18782), max_promo(143320072)
[2023-12-19T09:55:41.752+0000][23203.000s][info ][gc] GC(1054) Pause Young (Allocation Failure) 208M->72M(494M) 4.830ms
[2023-12-19T09:56:06.086+0000][23227.334s][trace][gc] GC(1055) Young invoke=1056 size=24
[2023-12-19T09:56:06.086+0000][23227.334s][trace][gc] GC(1055) Tenured: promo attempt is safe: available(282278896) >= av_promo(17721), max_promo(143345120)
[2023-12-19T09:56:06.089+0000][23227.337s][info ][gc] GC(1055) Pause Young (Allocation Failure) 208M->72M(494M) 2.617ms
[2023-12-19T09:56:31.082+0000][23252.330s][trace][gc] GC(1056) Young invoke=1057 size=200
[2023-12-19T09:56:31.082+0000][23252.330s][trace][gc] GC(1056) Tenured: promo attempt is safe: available(282256336) >= av_promo(23021), max_promo(143507240)
[2023-12-19T09:56:31.085+0000][23252.333s][info ][gc] GC(1056) Pause Young (Allocation Failure) 209M->72M(494M) 2.811ms
[2023-12-19T09:56:55.306+0000][23276.554s][trace][gc] GC(1057) Young invoke=1058 size=40
[2023-12-19T09:56:55.306+0000][23276.554s][trace][gc] GC(1057) Tenured: promo attempt is safe: available(282253056) >= av_promo(21918), max_promo(143598528)
[2023-12-19T09:56:55.312+0000][23276.560s][info ][gc] GC(1057) Pause Young (Allocation Failure) 209M->72M(494M) 5.939ms
[2023-12-19T09:57:20.331+0000][23301.579s][trace][gc] GC(1058) Young invoke=1059 size=40
[2023-12-19T09:57:20.331+0000][23301.579s][trace][gc] GC(1058) Tenured: promo attempt is safe: available(282250472) >= av_promo(20956), max_promo(143940952)
[2023-12-19T09:57:20.336+0000][23301.584s][info ][gc] GC(1058) Pause Young (Allocation Failure) 209M->72M(494M) 4.619ms
[2023-12-19T09:57:45.404+0000][23326.652s][trace][gc] GC(1059) Young invoke=1060 size=176
[2023-12-19T09:57:45.404+0000][23326.652s][trace][gc] GC(1059) Tenured: promo attempt is safe: available(282247184) >= av_promo(19874), max_promo(143379088)
[2023-12-19T09:57:45.409+0000][23326.657s][info ][gc] GC(1059) Pause Young (Allocation Failure) 208M->72M(494M) 5.244ms
[2023-12-19T09:58:09.475+0000][23350.723s][trace][gc] GC(1060) Young invoke=1061 size=24
[2023-12-19T09:58:09.475+0000][23350.723s][trace][gc] GC(1060) Tenured: promo attempt is safe: available(282243400) >= av_promo(18747), max_promo(143710936)
[2023-12-19T09:58:09.478+0000][23350.725s][info ][gc] GC(1060) Pause Young (Allocation Failure) 209M->72M(494M) 2.865ms
[2023-12-19T09:58:33.761+0000][23375.009s][trace][gc] GC(1061) Young invoke=1062 size=456
[2023-12-19T09:58:33.761+0000][23375.009s][trace][gc] GC(1061) Tenured: promo attempt is safe: available(282240272) >= av_promo(17796), max_promo(143858336)
[2023-12-19T09:58:33.768+0000][23375.016s][info ][gc] GC(1061) Pause Young (Allocation Failure) 209M->72M(494M) 7.004ms
[2023-12-19T09:58:58.362+0000][23399.610s][trace][gc] GC(1062) Young invoke=1063 size=24
[2023-12-19T09:58:58.362+0000][23399.610s][trace][gc] GC(1062) Tenured: promo attempt is safe: available(282237456) >= av_promo(16932), max_promo(143354312)
[2023-12-19T09:58:58.366+0000][23399.614s][info ][gc] GC(1062) Pause Young (Allocation Failure) 208M->72M(494M) 4.885ms
[2023-12-19T09:59:23.617+0000][23424.865s][trace][gc] GC(1063) Young invoke=1064 size=80
[2023-12-19T09:59:23.617+0000][23424.865s][trace][gc] GC(1063) Tenured: promo attempt is safe: available(282234328) >= av_promo(16038), max_promo(143344448)
[2023-12-19T09:59:23.621+0000][23424.868s][info ][gc] GC(1063) Pause Young (Allocation Failure) 208M->72M(494M) 3.612ms
[2023-12-19T09:59:47.959+0000][23449.207s][trace][gc] GC(1064) Young invoke=1065 size=48
[2023-12-19T09:59:47.959+0000][23449.207s][trace][gc] GC(1064) Tenured: promo attempt is safe: available(282191896) >= av_promo(28852), max_promo(143865216)
[2023-12-19T09:59:47.964+0000][23449.212s][info ][gc] GC(1064) Pause Young (Allocation Failure) 209M->72M(494M) 4.903ms
[2023-12-19T10:00:12.545+0000][23473.793s][trace][gc] GC(1065) Young invoke=1066 size=24
[2023-12-19T10:00:12.545+0000][23473.793s][trace][gc] GC(1065) Tenured: promo attempt is safe: available(282187888) >= av_promo(27585), max_promo(143296320)
[2023-12-19T10:00:12.548+0000][23473.795s][info ][gc] GC(1065) Pause Young (Allocation Failure) 208M->72M(494M) 2.453ms
[2023-12-19T10:00:36.980+0000][23498.228s][trace][gc] GC(1066) Young invoke=1067 size=168
[2023-12-19T10:00:36.980+0000][23498.228s][trace][gc] GC(1066) Tenured: promo attempt is safe: available(282184896) >= av_promo(26496), max_promo(143326360)
[2023-12-19T10:00:36.985+0000][23498.233s][info ][gc] GC(1066) Pause Young (Allocation Failure) 208M->72M(494M) 5.367ms
[2023-12-19T10:01:01.825+0000][23523.073s][trace][gc] GC(1067) Young invoke=1068 size=172080
[2023-12-19T10:01:01.825+0000][23523.073s][trace][gc] GC(1067) Tenured: promo attempt is safe: available(282181960) >= av_promo(25388), max_promo(143486776)
[2023-12-19T10:01:01.829+0000][23523.077s][info ][gc] GC(1067) Pause Young (Allocation Failure) 209M->72M(494M) 4.146ms
[2023-12-19T10:01:27.025+0000][23548.273s][trace][gc] GC(1068) Young invoke=1069 size=168
[2023-12-19T10:01:27.025+0000][23548.273s][trace][gc] GC(1068) Tenured: promo attempt is safe: available(282179184) >= av_promo(24294), max_promo(143787984)
[2023-12-19T10:01:27.028+0000][23548.276s][info ][gc] GC(1068) Pause Young (Allocation Failure) 209M->72M(494M) 2.587ms
[2023-12-19T10:01:51.850+0000][23573.098s][trace][gc] GC(1069) Young invoke=1070 size=136
[2023-12-19T10:01:51.850+0000][23573.098s][trace][gc] GC(1069) Tenured: promo attempt is safe: available(282176024) >= av_promo(23126), max_promo(143396760)
[2023-12-19T10:01:51.856+0000][23573.104s][info ][gc] GC(1069) Pause Young (Allocation Failure) 209M->72M(494M) 6.043ms
[2023-12-19T10:02:17.263+0000][23598.511s][trace][gc] GC(1070) Young invoke=1071 size=40
[2023-12-19T10:02:17.263+0000][23598.511s][trace][gc] GC(1070) Tenured: promo attempt is safe: available(282173224) >= av_promo(22043), max_promo(143581024)
[2023-12-19T10:02:17.266+0000][23598.514s][info ][gc] GC(1070) Pause Young (Allocation Failure) 209M->72M(494M) 3.357ms
[2023-12-19T10:02:41.456+0000][23622.704s][trace][gc] GC(1071) Young invoke=1072 size=24
[2023-12-19T10:02:41.456+0000][23622.704s][trace][gc] GC(1071) Tenured: promo attempt is safe: available(282169936) >= av_promo(20889), max_promo(143418696)
[2023-12-19T10:02:41.462+0000][23622.709s][info ][gc] GC(1071) Pause Young (Allocation Failure) 209M->72M(494M) 5.486ms
[2023-12-19T10:03:05.991+0000][23647.239s][trace][gc] GC(1072) Young invoke=1073 size=192800
[2023-12-19T10:03:05.991+0000][23647.239s][trace][gc] GC(1072) Tenured: promo attempt is safe: available(282165856) >= av_promo(19645), max_promo(143553752)
[2023-12-19T10:03:05.994+0000][23647.242s][info ][gc] GC(1072) Pause Young (Allocation Failure) 209M->72M(494M) 2.785ms
[2023-12-19T10:03:31.527+0000][23672.775s][trace][gc] GC(1073) Young invoke=1074 size=48
[2023-12-19T10:03:31.527+0000][23672.775s][trace][gc] GC(1073) Tenured: promo attempt is safe: available(282158168) >= av_promo(19030), max_promo(143762208)
[2023-12-19T10:03:31.532+0000][23672.780s][info ][gc] GC(1073) Pause Young (Allocation Failure) 209M->72M(494M) 4.913ms
[2023-12-19T10:03:55.701+0000][23696.949s][trace][gc] GC(1074) Young invoke=1075 size=144
[2023-12-19T10:03:55.701+0000][23696.949s][trace][gc] GC(1074) Tenured: promo attempt is safe: available(282156344) >= av_promo(18370), max_promo(143511624)
[2023-12-19T10:03:55.706+0000][23696.954s][info ][gc] GC(1074) Pause Young (Allocation Failure) 209M->72M(494M) 5.244ms
[2023-12-19T10:04:20.790+0000][23722.038s][trace][gc] GC(1075) Young invoke=1076 size=32
[2023-12-19T10:04:20.790+0000][23722.038s][trace][gc] GC(1075) Tenured: promo attempt is safe: available(282151992) >= av_promo(17239), max_promo(143564832)
[2023-12-19T10:04:20.793+0000][23722.041s][info ][gc] GC(1075) Pause Young (Allocation Failure) 209M->72M(494M) 3.424ms
[2023-12-19T10:04:46.081+0000][23747.329s][trace][gc] GC(1076) Young invoke=1077 size=120
[2023-12-19T10:04:46.081+0000][23747.329s][trace][gc] GC(1076) Tenured: promo attempt is safe: available(282149712) >= av_promo(16547), max_promo(143357648)
[2023-12-19T10:04:46.088+0000][23747.336s][info ][gc] GC(1076) Pause Young (Allocation Failure) 209M->72M(494M) 7.714ms
[2023-12-19T10:05:10.385+0000][23771.633s][trace][gc] GC(1077) Young invoke=1078 size=32
[2023-12-19T10:05:10.385+0000][23771.633s][trace][gc] GC(1077) Tenured: promo attempt is safe: available(282147816) >= av_promo(15909), max_promo(143546816)
[2023-12-19T10:05:10.388+0000][23771.636s][info ][gc] GC(1077) Pause Young (Allocation Failure) 209M->72M(494M) 2.880ms
[2023-12-19T10:05:35.164+0000][23796.412s][trace][gc] GC(1078) Young invoke=1079 size=32
[2023-12-19T10:05:35.164+0000][23796.412s][trace][gc] GC(1078) Tenured: promo attempt is safe: available(282145456) >= av_promo(15173), max_promo(143277800)
[2023-12-19T10:05:35.168+0000][23796.416s][info ][gc] GC(1078) Pause Young (Allocation Failure) 208M->72M(494M) 4.286ms
[2023-12-19T10:05:59.388+0000][23820.636s][trace][gc] GC(1079) Young invoke=1080 size=48
[2023-12-19T10:05:59.388+0000][23820.636s][trace][gc] GC(1079) Tenured: promo attempt is safe: available(282143840) >= av_promo(14575), max_promo(143434336)
[2023-12-19T10:05:59.392+0000][23820.640s][info ][gc] GC(1079) Pause Young (Allocation Failure) 209M->72M(494M) 3.520ms
[2023-12-19T10:06:24.930+0000][23846.178s][trace][gc] GC(1080) Young invoke=1081 size=16
[2023-12-19T10:06:24.930+0000][23846.178s][trace][gc] GC(1080) Tenured: promo attempt is safe: available(282141736) >= av_promo(13878), max_promo(143371888)
[2023-12-19T10:06:24.936+0000][23846.183s][info ][gc] GC(1080) Pause Young (Allocation Failure) 209M->72M(494M) 5.305ms
[2023-12-19T10:06:49.537+0000][23870.784s][trace][gc] GC(1081) Young invoke=1082 size=24
[2023-12-19T10:06:49.537+0000][23870.785s][trace][gc] GC(1081) Tenured: promo attempt is safe: available(282139864) >= av_promo(13235), max_promo(143358392)
[2023-12-19T10:06:49.549+0000][23870.797s][info ][gc] GC(1081) Pause Young (Allocation Failure) 209M->72M(494M) 12.605ms
[2023-12-19T10:07:14.517+0000][23895.765s][trace][gc] GC(1082) Young invoke=1083 size=200
[2023-12-19T10:07:14.517+0000][23895.765s][trace][gc] GC(1082) Tenured: promo attempt is safe: available(282116680) >= av_promo(19482), max_promo(143397808)
[2023-12-19T10:07:14.520+0000][23895.768s][info ][gc] GC(1082) Pause Young (Allocation Failure) 209M->72M(494M) 3.594ms
[2023-12-19T10:07:38.634+0000][23919.882s][trace][gc] GC(1083) Young invoke=1084 size=168
[2023-12-19T10:07:38.635+0000][23919.882s][trace][gc] GC(1083) Tenured: promo attempt is safe: available(282114760) >= av_promo(18740), max_promo(143564624)
[2023-12-19T10:07:38.639+0000][23919.887s][info ][gc] GC(1083) Pause Young (Allocation Failure) 209M->72M(494M) 4.332ms
[2023-12-19T10:08:03.496+0000][23944.744s][trace][gc] GC(1084) Young invoke=1085 size=120
[2023-12-19T10:08:03.496+0000][23944.744s][trace][gc] GC(1084) Tenured: promo attempt is safe: available(282113032) >= av_promo(18004), max_promo(143760720)
[2023-12-19T10:08:03.502+0000][23944.750s][info ][gc] GC(1084) Pause Young (Allocation Failure) 209M->72M(494M) 5.823ms
[2023-12-19T10:08:28.803+0000][23970.051s][trace][gc] GC(1085) Young invoke=1086 size=320
[2023-12-19T10:08:28.803+0000][23970.051s][trace][gc] GC(1085) Tenured: promo attempt is safe: available(282110904) >= av_promo(17177), max_promo(143384232)
[2023-12-19T10:08:28.808+0000][23970.055s][info ][gc] GC(1085) Pause Young (Allocation Failure) 209M->72M(494M) 5.077ms
[2023-12-19T10:08:53.578+0000][23994.826s][trace][gc] GC(1086) Young invoke=1087 size=24
[2023-12-19T10:08:53.579+0000][23994.826s][trace][gc] GC(1086) Tenured: promo attempt is safe: available(282108408) >= av_promo(16294), max_promo(143281592)
[2023-12-19T10:08:53.584+0000][23994.832s][info ][gc] GC(1086) Pause Young (Allocation Failure) 208M->72M(494M) 5.404ms
[2023-12-19T10:09:18.567+0000][24019.815s][trace][gc] GC(1087) Young invoke=1088 size=24
[2023-12-19T10:09:18.567+0000][24019.815s][trace][gc] GC(1087) Tenured: promo attempt is safe: available(282106352) >= av_promo(15515), max_promo(143426048)
[2023-12-19T10:09:18.570+0000][24019.818s][info ][gc] GC(1087) Pause Young (Allocation Failure) 209M->72M(494M) 3.210ms
[2023-12-19T10:09:42.938+0000][24044.186s][trace][gc] GC(1088) Young invoke=1089 size=64
[2023-12-19T10:09:42.938+0000][24044.186s][trace][gc] GC(1088) Tenured: promo attempt is safe: available(282083512) >= av_promo(21278), max_promo(143358864)
[2023-12-19T10:09:42.944+0000][24044.192s][info ][gc] GC(1088) Pause Young (Allocation Failure) 209M->72M(494M) 6.145ms
[2023-12-19T10:10:07.655+0000][24068.903s][trace][gc] GC(1089) Young invoke=1090 size=32
[2023-12-19T10:10:07.655+0000][24068.903s][trace][gc] GC(1089) Tenured: promo attempt is safe: available(282080616) >= av_promo(20297), max_promo(143560824)
[2023-12-19T10:10:07.660+0000][24068.907s][info ][gc] GC(1089) Pause Young (Allocation Failure) 209M->72M(494M) 4.593ms
[2023-12-19T10:10:32.304+0000][24093.552s][trace][gc] GC(1090) Young invoke=1091 size=168
[2023-12-19T10:10:32.304+0000][24093.552s][trace][gc] GC(1090) Tenured: promo attempt is safe: available(282077592) >= av_promo(19307), max_promo(143395216)
[2023-12-19T10:10:32.310+0000][24093.558s][info ][gc] GC(1090) Pause Young (Allocation Failure) 209M->72M(494M) 6.057ms
[2023-12-19T10:10:57.110+0000][24118.358s][trace][gc] GC(1091) Young invoke=1092 size=56
[2023-12-19T10:10:57.110+0000][24118.358s][trace][gc] GC(1091) Tenured: promo attempt is safe: available(282075088) >= av_promo(18430), max_promo(143459888)
[2023-12-19T10:10:57.116+0000][24118.364s][info ][gc] GC(1091) Pause Young (Allocation Failure) 209M->72M(494M) 6.076ms
[2023-12-19T10:11:22.324+0000][24143.572s][trace][gc] GC(1092) Young invoke=1093 size=24
[2023-12-19T10:11:22.324+0000][24143.572s][trace][gc] GC(1092) Tenured: promo attempt is safe: available(282071976) >= av_promo(17457), max_promo(143608824)
[2023-12-19T10:11:22.329+0000][24143.577s][info ][gc] GC(1092) Pause Young (Allocation Failure) 209M->72M(494M) 5.108ms
[2023-12-19T10:11:46.990+0000][24168.238s][trace][gc] GC(1093) Young invoke=1094 size=120
[2023-12-19T10:11:46.991+0000][24168.238s][trace][gc] GC(1093) Tenured: promo attempt is safe: available(282068984) >= av_promo(16546), max_promo(143361064)
[2023-12-19T10:11:46.994+0000][24168.242s][info ][gc] GC(1093) Pause Young (Allocation Failure) 209M->72M(494M) 3.630ms
[2023-12-19T10:12:11.721+0000][24192.969s][trace][gc] GC(1094) Young invoke=1095 size=24
[2023-12-19T10:12:11.721+0000][24192.969s][trace][gc] GC(1094) Tenured: promo attempt is safe: available(282066008) >= av_promo(15675), max_promo(143510232)
[2023-12-19T10:12:11.725+0000][24192.973s][info ][gc] GC(1094) Pause Young (Allocation Failure) 209M->72M(494M) 4.884ms
[2023-12-19T10:12:36.424+0000][24217.672s][trace][gc] GC(1095) Young invoke=1096 size=32
[2023-12-19T10:12:36.424+0000][24217.672s][trace][gc] GC(1095) Tenured: promo attempt is safe: available(282063184) >= av_promo(14869), max_promo(143289944)
[2023-12-19T10:12:36.429+0000][24217.677s][info ][gc] GC(1095) Pause Young (Allocation Failure) 209M->72M(494M) 5.331ms
[2023-12-19T10:13:01.394+0000][24242.642s][trace][gc] GC(1096) Young invoke=1097 size=107536
[2023-12-19T10:13:01.394+0000][24242.642s][trace][gc] GC(1096) Tenured: promo attempt is safe: available(282059432) >= av_promo(13937), max_promo(143462912)
[2023-12-19T10:13:01.399+0000][24242.647s][info ][gc] GC(1096) Pause Young (Allocation Failure) 209M->72M(494M) 5.494ms
[2023-12-19T10:13:26.973+0000][24268.221s][trace][gc] GC(1097) Young invoke=1098 size=24
[2023-12-19T10:13:26.973+0000][24268.221s][trace][gc] GC(1097) Tenured: promo attempt is safe: available(282056088) >= av_promo(13150), max_promo(143553576)
[2023-12-19T10:13:26.976+0000][24268.224s][info ][gc] GC(1097) Pause Young (Allocation Failure) 209M->72M(494M) 2.765ms
[2023-12-19T10:13:51.503+0000][24292.751s][trace][gc] GC(1098) Young invoke=1099 size=235536
[2023-12-19T10:13:51.503+0000][24292.751s][trace][gc] GC(1098) Tenured: promo attempt is safe: available(282053032) >= av_promo(12464), max_promo(143474944)
[2023-12-19T10:13:51.508+0000][24292.756s][info ][gc] GC(1098) Pause Young (Allocation Failure) 209M->72M(494M) 5.203ms
[2023-12-19T10:14:17.013+0000][24318.261s][trace][gc] GC(1099) Young invoke=1100 size=168
[2023-12-19T10:14:17.013+0000][24318.261s][trace][gc] GC(1099) Tenured: promo attempt is safe: available(282048504) >= av_promo(11777), max_promo(143621496)
[2023-12-19T10:14:17.016+0000][24318.264s][info ][gc] GC(1099) Pause Young (Allocation Failure) 209M->72M(494M) 3.320ms
[2023-12-19T10:14:41.626+0000][24342.874s][trace][gc] GC(1100) Young invoke=1101 size=146632
[2023-12-19T10:14:41.626+0000][24342.874s][trace][gc] GC(1100) Tenured: promo attempt is safe: available(282039904) >= av_promo(12655), max_promo(143422776)
[2023-12-19T10:14:41.631+0000][24342.879s][info ][gc] GC(1100) Pause Young (Allocation Failure) 209M->72M(494M) 5.278ms
[2023-12-19T10:15:05.887+0000][24367.135s][trace][gc] GC(1101) Young invoke=1102 size=24
[2023-12-19T10:15:05.887+0000][24367.135s][trace][gc] GC(1101) Tenured: promo attempt is safe: available(282037416) >= av_promo(12212), max_promo(143697304)
[2023-12-19T10:15:05.892+0000][24367.140s][info ][gc] GC(1101) Pause Young (Allocation Failure) 209M->72M(494M) 5.023ms
[2023-12-19T10:15:31.233+0000][24392.480s][trace][gc] GC(1102) Young invoke=1103 size=56
[2023-12-19T10:15:31.233+0000][24392.481s][trace][gc] GC(1102) Tenured: promo attempt is safe: available(282030384) >= av_promo(12404), max_promo(143349216)
[2023-12-19T10:15:31.236+0000][24392.484s][info ][gc] GC(1102) Pause Young (Allocation Failure) 209M->72M(494M) 3.599ms
[2023-12-19T10:15:55.514+0000][24416.762s][trace][gc] GC(1103) Young invoke=1104 size=24
[2023-12-19T10:15:55.514+0000][24416.762s][trace][gc] GC(1103) Tenured: promo attempt is safe: available(282027352) >= av_promo(11908), max_promo(143534704)
[2023-12-19T10:15:55.517+0000][24416.765s][info ][gc] GC(1103) Pause Young (Allocation Failure) 209M->72M(494M) 3.061ms
[2023-12-19T10:16:20.957+0000][24442.204s][trace][gc] GC(1104) Young invoke=1105 size=176
[2023-12-19T10:16:20.957+0000][24442.205s][trace][gc] GC(1104) Tenured: promo attempt is safe: available(282024352) >= av_promo(11422), max_promo(143440080)
[2023-12-19T10:16:20.960+0000][24442.208s][info ][gc] GC(1104) Pause Young (Allocation Failure) 209M->72M(494M) 3.180ms
[2023-12-19T10:16:45.883+0000][24467.131s][trace][gc] GC(1105) Young invoke=1106 size=2648
[2023-12-19T10:16:45.883+0000][24467.131s][trace][gc] GC(1105) Tenured: promo attempt is safe: available(282019928) >= av_promo(10742), max_promo(143422944)
[2023-12-19T10:16:45.889+0000][24467.137s][info ][gc] GC(1105) Pause Young (Allocation Failure) 209M->72M(494M) 6.927ms
[2023-12-19T10:17:10.431+0000][24491.679s][trace][gc] GC(1106) Young invoke=1107 size=24
[2023-12-19T10:17:10.431+0000][24491.679s][trace][gc] GC(1106) Tenured: promo attempt is safe: available(282016728) >= av_promo(10301), max_promo(143615976)
[2023-12-19T10:17:10.436+0000][24491.684s][info ][gc] GC(1106) Pause Young (Allocation Failure) 209M->72M(494M) 4.666ms
[2023-12-19T10:17:35.555+0000][24516.803s][trace][gc] GC(1107) Young invoke=1108 size=24
[2023-12-19T10:17:35.555+0000][24516.803s][trace][gc] GC(1107) Tenured: promo attempt is safe: available(282013408) >= av_promo(9852), max_promo(143425784)
[2023-12-19T10:17:35.562+0000][24516.810s][info ][gc] GC(1107) Pause Young (Allocation Failure) 209M->72M(494M) 7.657ms
[2023-12-19T10:17:59.161+0000][24540.409s][trace][gc] GC(1108) Young invoke=1109 size=24
[2023-12-19T10:17:59.161+0000][24540.409s][trace][gc] GC(1108) Tenured: promo attempt is safe: available(282011112) >= av_promo(9597), max_promo(143486256)
[2023-12-19T10:17:59.165+0000][24540.412s][info ][gc] GC(1108) Pause Young (Allocation Failure) 209M->72M(494M) 3.333ms
[2023-12-19T10:18:24.112+0000][24565.360s][trace][gc] GC(1109) Young invoke=1110 size=120
[2023-12-19T10:18:24.112+0000][24565.360s][trace][gc] GC(1109) Tenured: promo attempt is safe: available(282008208) >= av_promo(9214), max_promo(143403384)
[2023-12-19T10:18:24.115+0000][24565.363s][info ][gc] GC(1109) Pause Young (Allocation Failure) 209M->73M(494M) 3.150ms
[2023-12-19T10:18:48.883+0000][24590.131s][trace][gc] GC(1110) Young invoke=1111 size=24
[2023-12-19T10:18:48.883+0000][24590.131s][trace][gc] GC(1110) Tenured: promo attempt is safe: available(282005080) >= av_promo(8803), max_promo(143763848)
[2023-12-19T10:18:48.888+0000][24590.136s][info ][gc] GC(1110) Pause Young (Allocation Failure) 209M->72M(494M) 5.397ms
[2023-12-19T10:19:14.195+0000][24615.443s][trace][gc] GC(1111) Young invoke=1112 size=64
[2023-12-19T10:19:14.195+0000][24615.443s][trace][gc] GC(1111) Tenured: promo attempt is safe: available(282001952) >= av_promo(8413), max_promo(143401064)
[2023-12-19T10:19:14.198+0000][24615.445s][info ][gc] GC(1111) Pause Young (Allocation Failure) 209M->72M(494M) 2.732ms
[2023-12-19T10:19:38.248+0000][24639.496s][trace][gc] GC(1112) Young invoke=1113 size=48
[2023-12-19T10:19:38.249+0000][24639.496s][trace][gc] GC(1112) Tenured: promo attempt is safe: available(281999264) >= av_promo(8119), max_promo(143462600)
[2023-12-19T10:19:38.254+0000][24639.502s][info ][gc] GC(1112) Pause Young (Allocation Failure) 209M->73M(494M) 5.785ms
[2023-12-19T10:20:03.022+0000][24664.270s][trace][gc] GC(1113) Young invoke=1114 size=48
[2023-12-19T10:20:03.023+0000][24664.270s][trace][gc] GC(1113) Tenured: promo attempt is safe: available(281993912) >= av_promo(8311), max_promo(143828784)
[2023-12-19T10:20:03.028+0000][24664.275s][info ][gc] GC(1113) Pause Young (Allocation Failure) 209M->72M(494M) 5.210ms
[2023-12-19T10:20:28.371+0000][24689.619s][trace][gc] GC(1114) Young invoke=1115 size=163096
[2023-12-19T10:20:28.371+0000][24689.619s][trace][gc] GC(1114) Tenured: promo attempt is safe: available(281971184) >= av_promo(14866), max_promo(143334232)
[2023-12-19T10:20:28.374+0000][24689.622s][info ][gc] GC(1114) Pause Young (Allocation Failure) 209M->73M(494M) 2.972ms
[2023-12-19T10:20:52.741+0000][24713.989s][trace][gc] GC(1115) Young invoke=1116 size=24
[2023-12-19T10:20:52.742+0000][24713.989s][trace][gc] GC(1115) Tenured: promo attempt is safe: available(281968160) >= av_promo(14400), max_promo(143808272)
[2023-12-19T10:20:52.747+0000][24713.994s][info ][gc] GC(1115) Pause Young (Allocation Failure) 209M->72M(494M) 5.215ms
[2023-12-19T10:21:18.204+0000][24739.452s][trace][gc] GC(1116) Young invoke=1117 size=40
[2023-12-19T10:21:18.204+0000][24739.452s][trace][gc] GC(1116) Tenured: promo attempt is safe: available(281964264) >= av_promo(13760), max_promo(143312456)
[2023-12-19T10:21:18.207+0000][24739.455s][info ][gc] GC(1116) Pause Young (Allocation Failure) 209M->72M(494M) 3.128ms
[2023-12-19T10:21:42.952+0000][24764.200s][trace][gc] GC(1117) Young invoke=1118 size=56
[2023-12-19T10:21:42.952+0000][24764.200s][trace][gc] GC(1117) Tenured: promo attempt is safe: available(281961392) >= av_promo(13318), max_promo(143424440)
[2023-12-19T10:21:42.955+0000][24764.203s][info ][gc] GC(1117) Pause Young (Allocation Failure) 209M->72M(494M) 3.329ms
[2023-12-19T10:22:06.702+0000][24787.950s][trace][gc] GC(1118) Young invoke=1119 size=239632
[2023-12-19T10:22:06.702+0000][24787.950s][trace][gc] GC(1118) Tenured: promo attempt is safe: available(281958488) >= av_promo(12849), max_promo(143272968)
[2023-12-19T10:22:06.705+0000][24787.953s][info ][gc] GC(1118) Pause Young (Allocation Failure) 209M->73M(494M) 3.259ms
[2023-12-19T10:22:30.809+0000][24812.057s][trace][gc] GC(1119) Young invoke=1120 size=32
[2023-12-19T10:22:30.809+0000][24812.057s][trace][gc] GC(1119) Tenured: promo attempt is safe: available(281951304) >= av_promo(12923), max_promo(143768856)
[2023-12-19T10:22:30.814+0000][24812.062s][info ][gc] GC(1119) Pause Young (Allocation Failure) 209M->73M(494M) 5.392ms
[2023-12-19T10:22:55.524+0000][24836.772s][trace][gc] GC(1120) Young invoke=1121 size=32
[2023-12-19T10:22:55.524+0000][24836.772s][trace][gc] GC(1120) Tenured: promo attempt is safe: available(281948720) >= av_promo(12555), max_promo(144073080)
[2023-12-19T10:22:55.530+0000][24836.778s][info ][gc] GC(1120) Pause Young (Allocation Failure) 209M->72M(494M) 6.217ms
[2023-12-19T10:23:19.588+0000][24860.836s][trace][gc] GC(1121) Young invoke=1122 size=24
[2023-12-19T10:23:19.588+0000][24860.836s][trace][gc] GC(1121) Tenured: promo attempt is safe: available(281945512) >= av_promo(12051), max_promo(143423808)
[2023-12-19T10:23:19.591+0000][24860.839s][info ][gc] GC(1121) Pause Young (Allocation Failure) 209M->72M(494M) 3.050ms
[2023-12-19T10:23:43.594+0000][24884.842s][trace][gc] GC(1122) Young invoke=1123 size=1040
[2023-12-19T10:23:43.594+0000][24884.842s][trace][gc] GC(1122) Tenured: promo attempt is safe: available(281942680) >= av_promo(11619), max_promo(143378896)
[2023-12-19T10:23:43.599+0000][24884.847s][info ][gc] GC(1122) Pause Young (Allocation Failure) 209M->72M(494M) 5.103ms
[2023-12-19T10:24:08.578+0000][24909.826s][trace][gc] GC(1123) Young invoke=1124 size=24
[2023-12-19T10:24:08.578+0000][24909.826s][trace][gc] GC(1123) Tenured: promo attempt is safe: available(281939552) >= av_promo(11130), max_promo(143378384)
[2023-12-19T10:24:08.581+0000][24909.829s][info ][gc] GC(1123) Pause Young (Allocation Failure) 209M->72M(494M) 2.545ms
[2023-12-19T10:24:33.816+0000][24935.064s][trace][gc] GC(1124) Young invoke=1125 size=112
[2023-12-19T10:24:33.816+0000][24935.064s][trace][gc] GC(1124) Tenured: promo attempt is safe: available(281916768) >= av_promo(17278), max_promo(143374088)
[2023-12-19T10:24:33.822+0000][24935.069s][info ][gc] GC(1124) Pause Young (Allocation Failure) 209M->72M(494M) 5.307ms
[2023-12-19T10:24:58.973+0000][24960.220s][trace][gc] GC(1125) Young invoke=1126 size=168
[2023-12-19T10:24:58.973+0000][24960.221s][trace][gc] GC(1125) Tenured: promo attempt is safe: available(281914512) >= av_promo(16834), max_promo(143324488)
[2023-12-19T10:24:58.978+0000][24960.226s][info ][gc] GC(1125) Pause Young (Allocation Failure) 209M->72M(494M) 5.947ms
[2023-12-19T10:25:24.027+0000][24985.275s][trace][gc] GC(1126) Young invoke=1127 size=32
[2023-12-19T10:25:24.027+0000][24985.275s][trace][gc] GC(1126) Tenured: promo attempt is safe: available(281911240) >= av_promo(16156), max_promo(143388248)
[2023-12-19T10:25:24.033+0000][24985.281s][info ][gc] GC(1126) Pause Young (Allocation Failure) 209M->72M(494M) 5.691ms
[2023-12-19T10:25:47.993+0000][25009.241s][trace][gc] GC(1127) Young invoke=1128 size=24
[2023-12-19T10:25:47.993+0000][25009.241s][trace][gc] GC(1127) Tenured: promo attempt is safe: available(281902984) >= av_promo(16101), max_promo(143301216)
[2023-12-19T10:25:47.998+0000][25009.246s][info ][gc] GC(1127) Pause Young (Allocation Failure) 209M->72M(494M) 5.966ms
[2023-12-19T10:26:13.253+0000][25034.501s][trace][gc] GC(1128) Young invoke=1129 size=98320
[2023-12-19T10:26:13.253+0000][25034.501s][trace][gc] GC(1128) Tenured: promo attempt is safe: available(281899520) >= av_promo(15469), max_promo(143358576)
[2023-12-19T10:26:13.261+0000][25034.509s][info ][gc] GC(1128) Pause Young (Allocation Failure) 209M->72M(494M) 8.251ms
[2023-12-19T10:26:37.308+0000][25058.556s][trace][gc] GC(1129) Young invoke=1130 size=176
[2023-12-19T10:26:37.308+0000][25058.556s][trace][gc] GC(1129) Tenured: promo attempt is safe: available(281896592) >= av_promo(14929), max_promo(143604576)
[2023-12-19T10:26:37.313+0000][25058.561s][info ][gc] GC(1129) Pause Young (Allocation Failure) 209M->73M(494M) 5.588ms
[2023-12-19T10:27:01.256+0000][25082.504s][trace][gc] GC(1130) Young invoke=1131 size=120
[2023-12-19T10:27:01.256+0000][25082.504s][trace][gc] GC(1130) Tenured: promo attempt is safe: available(281893920) >= av_promo(14414), max_promo(143692112)
[2023-12-19T10:27:01.261+0000][25082.509s][info ][gc] GC(1130) Pause Young (Allocation Failure) 209M->72M(494M) 5.419ms
[2023-12-19T10:27:26.257+0000][25107.505s][trace][gc] GC(1131) Young invoke=1132 size=32
[2023-12-19T10:27:26.257+0000][25107.505s][trace][gc] GC(1131) Tenured: promo attempt is safe: available(281890888) >= av_promo(13819), max_promo(143573536)
[2023-12-19T10:27:26.260+0000][25107.508s][info ][gc] GC(1131) Pause Young (Allocation Failure) 209M->72M(494M) 2.901ms
[2023-12-19T10:27:51.029+0000][25132.276s][trace][gc] GC(1132) Young invoke=1133 size=120
[2023-12-19T10:27:51.029+0000][25132.277s][trace][gc] GC(1132) Tenured: promo attempt is safe: available(281883576) >= av_promo(13835), max_promo(143389496)
[2023-12-19T10:27:51.033+0000][25132.281s][info ][gc] GC(1132) Pause Young (Allocation Failure) 209M->72M(494M) 5.076ms
[2023-12-19T10:28:15.527+0000][25156.775s][trace][gc] GC(1133) Young invoke=1134 size=24
[2023-12-19T10:28:15.527+0000][25156.775s][trace][gc] GC(1133) Tenured: promo attempt is safe: available(281880744) >= av_promo(13344), max_promo(143447912)
[2023-12-19T10:28:15.532+0000][25156.780s][info ][gc] GC(1133) Pause Young (Allocation Failure) 209M->73M(494M) 5.287ms
[2023-12-19T10:28:39.582+0000][25180.830s][trace][gc] GC(1134) Young invoke=1135 size=64
[2023-12-19T10:28:39.583+0000][25180.830s][trace][gc] GC(1134) Tenured: promo attempt is safe: available(281877352) >= av_promo(12746), max_promo(143722600)
[2023-12-19T10:28:39.588+0000][25180.835s][info ][gc] GC(1134) Pause Young (Allocation Failure) 209M->73M(494M) 5.147ms
[2023-12-19T10:29:04.468+0000][25205.715s][trace][gc] GC(1135) Young invoke=1136 size=104
[2023-12-19T10:29:04.468+0000][25205.716s][trace][gc] GC(1135) Tenured: promo attempt is safe: available(281874976) >= av_promo(12341), max_promo(143687960)
[2023-12-19T10:29:04.473+0000][25205.720s][info ][gc] GC(1135) Pause Young (Allocation Failure) 209M->72M(494M) 5.142ms
[2023-12-19T10:29:29.688+0000][25230.935s][trace][gc] GC(1136) Young invoke=1137 size=80
[2023-12-19T10:29:29.688+0000][25230.936s][trace][gc] GC(1136) Tenured: promo attempt is safe: available(281872104) >= av_promo(11829), max_promo(143404920)
[2023-12-19T10:29:29.693+0000][25230.941s][info ][gc] GC(1136) Pause Young (Allocation Failure) 209M->73M(494M) 5.261ms
[2023-12-19T10:29:51.750+0000][25252.998s][trace][gc] GC(1137) Young invoke=1138 size=80
[2023-12-19T10:29:51.750+0000][25252.998s][trace][gc] GC(1137) Tenured: promo attempt is safe: available(281869360) >= av_promo(11346), max_promo(143605240)
[2023-12-19T10:29:51.756+0000][25253.004s][info ][gc] GC(1137) Pause Young (Allocation Failure) 209M->73M(494M) 6.395ms
